Request error: {
  method: 'GET',
  url: '/',
  statusCode: 401,
  duration: 7,
  ip: '::1',
  userAgent: 'curl/8.13.0',
  contentLength: '93'
}
Auth middleware error: TokenExpiredError: jwt expired
    at C:\Users\TGNE\Desktop\dasboard\server\node_modules\jsonwebtoken\verify.js:190:21
    at getSecret (C:\Users\TGNE\Desktop\dasboard\server\node_modules\jsonwebtoken\verify.js:97:14)
    at module.exports [as verify] (C:\Users\TGNE\Desktop\dasboard\server\node_modules\jsonwebtoken\verify.js:101:10)
    at authenticateToken (C:\Users\TGNE\Desktop\dasboard\server\dist\middlewares\auth.middleware.js:22:48)
    at Layer.handle [as handle_request] (C:\Users\TGNE\Desktop\dasboard\server\node_modules\express\lib\router\layer.js:95:5)
    at trim_prefix (C:\Users\TGNE\Desktop\dasboard\server\node_modules\express\lib\router\index.js:328:13)
    at C:\Users\TGNE\Desktop\dasboard\server\node_modules\express\lib\router\index.js:286:9
    at Function.process_params (C:\Users\TGNE\Desktop\dasboard\server\node_modules\express\lib\router\index.js:346:12)
    at next (C:\Users\TGNE\Desktop\dasboard\server\node_modules\express\lib\router\index.js:280:10)
    at Function.handle (C:\Users\TGNE\Desktop\dasboard\server\node_modules\express\lib\router\index.js:175:3) {
  expiredAt: 2026-06-12T03:42:26.000Z
}
Request error: {
  method: 'GET',
  url: '/?isRead=false&limit=1',
  statusCode: 401,
  duration: 30,
  ip: '::1',
  userAgent: 'Mozilla/5.0 (Windows NT 10.0; Win64; x64) AppleWebKit/537.36 (KHTML, like Gecko) Chrome/149.0.0.0 Safari/537.36',
  contentLength: '82'
}
Request error: {
  method: 'GET',
  url: '/',
  statusCode: 404,
  duration: 18,
  ip: '::1',
  userAgent: 'Mozilla/5.0 (Windows NT 10.0; Win64; x64) AppleWebKit/537.36 (KHTML, like Gecko) Chrome/149.0.0.0 Safari/537.36',
  contentLength: '70'
}
Request error: {
  method: 'GET',
  url: '/',
  statusCode: 404,
  duration: 0,
  ip: '::1',
  userAgent: 'Mozilla/5.0 (Windows NT 10.0; Win64; x64) AppleWebKit/537.36 (KHTML, like Gecko) Chrome/149.0.0.0 Safari/537.36',
  contentLength: '70'
}
Request error: {
  method: 'GET',
  url: '/',
  statusCode: 404,
  duration: 1,
  ip: '::1',
  userAgent: 'Mozilla/5.0 (Windows NT 10.0; Win64; x64) AppleWebKit/537.36 (KHTML, like Gecko) Chrome/149.0.0.0 Safari/537.36',
  contentLength: '70'
}
Request error: {
  method: 'GET',
  url: '/',
  statusCode: 404,
  duration: 1,
  ip: '::1',
  userAgent: 'Mozilla/5.0 (Windows NT 10.0; Win64; x64) AppleWebKit/537.36 (KHTML, like Gecko) Chrome/149.0.0.0 Safari/537.36',
  contentLength: '70'
}
Request error: {
  method: 'GET',
  url: '/',
  statusCode: 404,
  duration: 1,
  ip: '::1',
  userAgent: 'Mozilla/5.0 (Windows NT 10.0; Win64; x64) AppleWebKit/537.36 (KHTML, like Gecko) Chrome/149.0.0.0 Safari/537.36',
  contentLength: '70'
}
Request error: {
  method: 'GET',
  url: '/',
  statusCode: 404,
  duration: 1,
  ip: '::1',
  userAgent: 'Mozilla/5.0 (Windows NT 10.0; Win64; x64) AppleWebKit/537.36 (KHTML, like Gecko) Chrome/149.0.0.0 Safari/537.36',
  contentLength: '70'
}
Request error: {
  method: 'GET',
  url: '/',
  statusCode: 404,
  duration: 1,
  ip: '::1',
  userAgent: 'Mozilla/5.0 (Windows NT 10.0; Win64; x64) AppleWebKit/537.36 (KHTML, like Gecko) Chrome/149.0.0.0 Safari/537.36',
  contentLength: '70'
}
Request error: {
  method: 'GET',
  url: '/',
  statusCode: 404,
  duration: 1,
  ip: '::1',
  userAgent: 'Mozilla/5.0 (Windows NT 10.0; Win64; x64) AppleWebKit/537.36 (KHTML, like Gecko) Chrome/149.0.0.0 Safari/537.36',
  contentLength: '70'
}
Request error: {
  method: 'GET',
  url: '/',
  statusCode: 404,
  duration: 1,
  ip: '::1',
  userAgent: 'Mozilla/5.0 (Windows NT 10.0; Win64; x64) AppleWebKit/537.36 (KHTML, like Gecko) Chrome/149.0.0.0 Safari/537.36',
  contentLength: '70'
}
Request error: {
  method: 'GET',
  url: '/',
  statusCode: 404,
  duration: 1,
  ip: '::1',
  userAgent: 'Mozilla/5.0 (Windows NT 10.0; Win64; x64) AppleWebKit/537.36 (KHTML, like Gecko) Chrome/149.0.0.0 Safari/537.36',
  contentLength: '70'
}
Auth middleware error: TokenExpiredError: jwt expired
    at C:\Users\TGNE\Desktop\dasboard\server\node_modules\jsonwebtoken\verify.js:190:21
    at getSecret (C:\Users\TGNE\Desktop\dasboard\server\node_modules\jsonwebtoken\verify.js:97:14)
    at module.exports [as verify] (C:\Users\TGNE\Desktop\dasboard\server\node_modules\jsonwebtoken\verify.js:101:10)
    at authenticateToken (C:\Users\TGNE\Desktop\dasboard\server\dist\middlewares\auth.middleware.js:22:48)
    at Layer.handle [as handle_request] (C:\Users\TGNE\Desktop\dasboard\server\node_modules\express\lib\router\layer.js:95:5)
    at trim_prefix (C:\Users\TGNE\Desktop\dasboard\server\node_modules\express\lib\router\index.js:328:13)
    at C:\Users\TGNE\Desktop\dasboard\server\node_modules\express\lib\router\index.js:286:9
    at Function.process_params (C:\Users\TGNE\Desktop\dasboard\server\node_modules\express\lib\router\index.js:346:12)
    at next (C:\Users\TGNE\Desktop\dasboard\server\node_modules\express\lib\router\index.js:280:10)
    at Function.handle (C:\Users\TGNE\Desktop\dasboard\server\node_modules\express\lib\router\index.js:175:3) {
  expiredAt: 2026-06-12T03:58:07.000Z
}
Request error: {
  method: 'GET',
  url: '/?isRead=false&limit=1',
  statusCode: 401,
  duration: 7,
  ip: '::1',
  userAgent: 'Mozilla/5.0 (Windows NT 10.0; Win64; x64) AppleWebKit/537.36 (KHTML, like Gecko) Chrome/149.0.0.0 Safari/537.36',
  contentLength: '82'
}
Auth middleware error: TokenExpiredError: jwt expired
    at C:\Users\TGNE\Desktop\dasboard\server\node_modules\jsonwebtoken\verify.js:190:21
    at getSecret (C:\Users\TGNE\Desktop\dasboard\server\node_modules\jsonwebtoken\verify.js:97:14)
    at module.exports [as verify] (C:\Users\TGNE\Desktop\dasboard\server\node_modules\jsonwebtoken\verify.js:101:10)
    at authenticateToken (C:\Users\TGNE\Desktop\dasboard\server\dist\middlewares\auth.middleware.js:22:48)
    at Layer.handle [as handle_request] (C:\Users\TGNE\Desktop\dasboard\server\node_modules\express\lib\router\layer.js:95:5)
    at trim_prefix (C:\Users\TGNE\Desktop\dasboard\server\node_modules\express\lib\router\index.js:328:13)
    at C:\Users\TGNE\Desktop\dasboard\server\node_modules\express\lib\router\index.js:286:9
    at Function.process_params (C:\Users\TGNE\Desktop\dasboard\server\node_modules\express\lib\router\index.js:346:12)
    at next (C:\Users\TGNE\Desktop\dasboard\server\node_modules\express\lib\router\index.js:280:10)
    at Function.handle (C:\Users\TGNE\Desktop\dasboard\server\node_modules\express\lib\router\index.js:175:3) {
  expiredAt: 2026-06-12T03:58:07.000Z
}
Request error: {
  method: 'GET',
  url: '/?isRead=false&limit=1',
  statusCode: 401,
  duration: 7,
  ip: '::1',
  userAgent: 'Mozilla/5.0 (Windows NT 10.0; Win64; x64) AppleWebKit/537.36 (KHTML, like Gecko) Chrome/149.0.0.0 Safari/537.36',
  contentLength: '82'
}
Auth middleware error: TokenExpiredError: jwt expired
    at C:\Users\TGNE\Desktop\dasboard\server\node_modules\jsonwebtoken\verify.js:190:21
    at getSecret (C:\Users\TGNE\Desktop\dasboard\server\node_modules\jsonwebtoken\verify.js:97:14)
    at module.exports [as verify] (C:\Users\TGNE\Desktop\dasboard\server\node_modules\jsonwebtoken\verify.js:101:10)
    at authenticateToken (C:\Users\TGNE\Desktop\dasboard\server\dist\middlewares\auth.middleware.js:22:48)
    at Layer.handle [as handle_request] (C:\Users\TGNE\Desktop\dasboard\server\node_modules\express\lib\router\layer.js:95:5)
    at trim_prefix (C:\Users\TGNE\Desktop\dasboard\server\node_modules\express\lib\router\index.js:328:13)
    at C:\Users\TGNE\Desktop\dasboard\server\node_modules\express\lib\router\index.js:286:9
    at Function.process_params (C:\Users\TGNE\Desktop\dasboard\server\node_modules\express\lib\router\index.js:346:12)
    at next (C:\Users\TGNE\Desktop\dasboard\server\node_modules\express\lib\router\index.js:280:10)
    at Function.handle (C:\Users\TGNE\Desktop\dasboard\server\node_modules\express\lib\router\index.js:175:3) {
  expiredAt: 2026-06-12T03:58:07.000Z
}
Request error: {
  method: 'GET',
  url: '/',
  statusCode: 401,
  duration: 5,
  ip: '::1',
  userAgent: 'Mozilla/5.0 (Windows NT 10.0; Win64; x64) AppleWebKit/537.36 (KHTML, like Gecko) Chrome/149.0.0.0 Safari/537.36',
  contentLength: '82'
}
Request error: {
  method: 'GET',
  url: '/',
  statusCode: 404,
  duration: 1,
  ip: '::1',
  userAgent: 'Mozilla/5.0 (Windows NT 10.0; Win64; x64) AppleWebKit/537.36 (KHTML, like Gecko) Chrome/149.0.0.0 Safari/537.36',
  contentLength: '70'
}
Request error: {
  method: 'GET',
  url: '/',
  statusCode: 404,
  duration: 1,
  ip: '::1',
  userAgent: 'Mozilla/5.0 (Windows NT 10.0; Win64; x64) AppleWebKit/537.36 (KHTML, like Gecko) Chrome/149.0.0.0 Safari/537.36',
  contentLength: '70'
}
Auth middleware error: TokenExpiredError: jwt expired
    at C:\Users\TGNE\Desktop\dasboard\server\node_modules\jsonwebtoken\verify.js:190:21
    at getSecret (C:\Users\TGNE\Desktop\dasboard\server\node_modules\jsonwebtoken\verify.js:97:14)
    at module.exports [as verify] (C:\Users\TGNE\Desktop\dasboard\server\node_modules\jsonwebtoken\verify.js:101:10)
    at authenticateToken (C:\Users\TGNE\Desktop\dasboard\server\dist\middlewares\auth.middleware.js:22:48)
    at Layer.handle [as handle_request] (C:\Users\TGNE\Desktop\dasboard\server\node_modules\express\lib\router\layer.js:95:5)
    at trim_prefix (C:\Users\TGNE\Desktop\dasboard\server\node_modules\express\lib\router\index.js:328:13)
    at C:\Users\TGNE\Desktop\dasboard\server\node_modules\express\lib\router\index.js:286:9
    at Function.process_params (C:\Users\TGNE\Desktop\dasboard\server\node_modules\express\lib\router\index.js:346:12)
    at next (C:\Users\TGNE\Desktop\dasboard\server\node_modules\express\lib\router\index.js:280:10)
    at Function.handle (C:\Users\TGNE\Desktop\dasboard\server\node_modules\express\lib\router\index.js:175:3) {
  expiredAt: 2026-06-12T03:58:07.000Z
}
Request error: {
  method: 'GET',
  url: '/?page=1&limit=20',
  statusCode: 401,
  duration: 5,
  ip: '::1',
  userAgent: 'Mozilla/5.0 (Windows NT 10.0; Win64; x64) AppleWebKit/537.36 (KHTML, like Gecko) Chrome/149.0.0.0 Safari/537.36',
  contentLength: '82'
}
Auth middleware error: TokenExpiredError: jwt expired
    at C:\Users\TGNE\Desktop\dasboard\server\node_modules\jsonwebtoken\verify.js:190:21
    at getSecret (C:\Users\TGNE\Desktop\dasboard\server\node_modules\jsonwebtoken\verify.js:97:14)
    at module.exports [as verify] (C:\Users\TGNE\Desktop\dasboard\server\node_modules\jsonwebtoken\verify.js:101:10)
    at authenticateToken (C:\Users\TGNE\Desktop\dasboard\server\dist\middlewares\auth.middleware.js:22:48)
    at Layer.handle [as handle_request] (C:\Users\TGNE\Desktop\dasboard\server\node_modules\express\lib\router\layer.js:95:5)
    at trim_prefix (C:\Users\TGNE\Desktop\dasboard\server\node_modules\express\lib\router\index.js:328:13)
    at C:\Users\TGNE\Desktop\dasboard\server\node_modules\express\lib\router\index.js:286:9
    at Function.process_params (C:\Users\TGNE\Desktop\dasboard\server\node_modules\express\lib\router\index.js:346:12)
    at next (C:\Users\TGNE\Desktop\dasboard\server\node_modules\express\lib\router\index.js:280:10)
    at Function.handle (C:\Users\TGNE\Desktop\dasboard\server\node_modules\express\lib\router\index.js:175:3) {
  expiredAt: 2026-06-12T03:58:07.000Z
}
Request error: {
  method: 'GET',
  url: '/stats',
  statusCode: 401,
  duration: 6,
  ip: '::1',
  userAgent: 'Mozilla/5.0 (Windows NT 10.0; Win64; x64) AppleWebKit/537.36 (KHTML, like Gecko) Chrome/149.0.0.0 Safari/537.36',
  contentLength: '82'
}
Request error: {
  method: 'GET',
  url: '/',
  statusCode: 404,
  duration: 1,
  ip: '::1',
  userAgent: 'Mozilla/5.0 (Windows NT 10.0; Win64; x64) AppleWebKit/537.36 (KHTML, like Gecko) Chrome/149.0.0.0 Safari/537.36',
  contentLength: '70'
}
Request error: {
  method: 'GET',
  url: '/',
  statusCode: 404,
  duration: 0,
  ip: '::1',
  userAgent: 'Mozilla/5.0 (Windows NT 10.0; Win64; x64) AppleWebKit/537.36 (KHTML, like Gecko) Chrome/149.0.0.0 Safari/537.36',
  contentLength: '70'
}
Auth middleware error: TokenExpiredError: jwt expired
    at C:\Users\TGNE\Desktop\dasboard\server\node_modules\jsonwebtoken\verify.js:190:21
    at getSecret (C:\Users\TGNE\Desktop\dasboard\server\node_modules\jsonwebtoken\verify.js:97:14)
    at module.exports [as verify] (C:\Users\TGNE\Desktop\dasboard\server\node_modules\jsonwebtoken\verify.js:101:10)
    at authenticateToken (C:\Users\TGNE\Desktop\dasboard\server\dist\middlewares\auth.middleware.js:22:48)
    at Layer.handle [as handle_request] (C:\Users\TGNE\Desktop\dasboard\server\node_modules\express\lib\router\layer.js:95:5)
    at trim_prefix (C:\Users\TGNE\Desktop\dasboard\server\node_modules\express\lib\router\index.js:328:13)
    at C:\Users\TGNE\Desktop\dasboard\server\node_modules\express\lib\router\index.js:286:9
    at Function.process_params (C:\Users\TGNE\Desktop\dasboard\server\node_modules\express\lib\router\index.js:346:12)
    at next (C:\Users\TGNE\Desktop\dasboard\server\node_modules\express\lib\router\index.js:280:10)
    at Function.handle (C:\Users\TGNE\Desktop\dasboard\server\node_modules\express\lib\router\index.js:175:3) {
  expiredAt: 2026-06-12T03:58:07.000Z
}
Request error: {
  method: 'GET',
  url: '/?isRead=false&limit=1',
  statusCode: 401,
  duration: 6,
  ip: '::1',
  userAgent: 'Mozilla/5.0 (Windows NT 10.0; Win64; x64) AppleWebKit/537.36 (KHTML, like Gecko) Chrome/149.0.0.0 Safari/537.36',
  contentLength: '82'
}
Auth middleware error: TokenExpiredError: jwt expired
    at C:\Users\TGNE\Desktop\dasboard\server\node_modules\jsonwebtoken\verify.js:190:21
    at getSecret (C:\Users\TGNE\Desktop\dasboard\server\node_modules\jsonwebtoken\verify.js:97:14)
    at module.exports [as verify] (C:\Users\TGNE\Desktop\dasboard\server\node_modules\jsonwebtoken\verify.js:101:10)
    at authenticateToken (C:\Users\TGNE\Desktop\dasboard\server\dist\middlewares\auth.middleware.js:22:48)
    at Layer.handle [as handle_request] (C:\Users\TGNE\Desktop\dasboard\server\node_modules\express\lib\router\layer.js:95:5)
    at trim_prefix (C:\Users\TGNE\Desktop\dasboard\server\node_modules\express\lib\router\index.js:328:13)
    at C:\Users\TGNE\Desktop\dasboard\server\node_modules\express\lib\router\index.js:286:9
    at Function.process_params (C:\Users\TGNE\Desktop\dasboard\server\node_modules\express\lib\router\index.js:346:12)
    at next (C:\Users\TGNE\Desktop\dasboard\server\node_modules\express\lib\router\index.js:280:10)
    at Function.handle (C:\Users\TGNE\Desktop\dasboard\server\node_modules\express\lib\router\index.js:175:3) {
  expiredAt: 2026-06-12T03:58:07.000Z
}
Request error: {
  method: 'GET',
  url: '/?isRead=false&limit=1',
  statusCode: 401,
  duration: 5,
  ip: '::1',
  userAgent: 'Mozilla/5.0 (Windows NT 10.0; Win64; x64) AppleWebKit/537.36 (KHTML, like Gecko) Chrome/149.0.0.0 Safari/537.36',
  contentLength: '82'
}
Auth middleware error: TokenExpiredError: jwt expired
    at C:\Users\TGNE\Desktop\dasboard\server\node_modules\jsonwebtoken\verify.js:190:21
    at getSecret (C:\Users\TGNE\Desktop\dasboard\server\node_modules\jsonwebtoken\verify.js:97:14)
    at module.exports [as verify] (C:\Users\TGNE\Desktop\dasboard\server\node_modules\jsonwebtoken\verify.js:101:10)
    at authenticateToken (C:\Users\TGNE\Desktop\dasboard\server\dist\middlewares\auth.middleware.js:22:48)
    at Layer.handle [as handle_request] (C:\Users\TGNE\Desktop\dasboard\server\node_modules\express\lib\router\layer.js:95:5)
    at trim_prefix (C:\Users\TGNE\Desktop\dasboard\server\node_modules\express\lib\router\index.js:328:13)
    at C:\Users\TGNE\Desktop\dasboard\server\node_modules\express\lib\router\index.js:286:9
    at Function.process_params (C:\Users\TGNE\Desktop\dasboard\server\node_modules\express\lib\router\index.js:346:12)
    at next (C:\Users\TGNE\Desktop\dasboard\server\node_modules\express\lib\router\index.js:280:10)
    at Function.handle (C:\Users\TGNE\Desktop\dasboard\server\node_modules\express\lib\router\index.js:175:3) {
  expiredAt: 2026-06-12T03:58:07.000Z
}
Request error: {
  method: 'GET',
  url: '/?isRead=false&limit=1',
  statusCode: 401,
  duration: 147,
  ip: '::1',
  userAgent: 'Mozilla/5.0 (Windows NT 10.0; Win64; x64) AppleWebKit/537.36 (KHTML, like Gecko) Chrome/149.0.0.0 Safari/537.36',
  contentLength: '82'
}
Auth middleware error: TokenExpiredError: jwt expired
    at C:\Users\TGNE\Desktop\dasboard\server\node_modules\jsonwebtoken\verify.js:190:21
    at getSecret (C:\Users\TGNE\Desktop\dasboard\server\node_modules\jsonwebtoken\verify.js:97:14)
    at module.exports [as verify] (C:\Users\TGNE\Desktop\dasboard\server\node_modules\jsonwebtoken\verify.js:101:10)
    at authenticateToken (C:\Users\TGNE\Desktop\dasboard\server\dist\middlewares\auth.middleware.js:22:48)
    at Layer.handle [as handle_request] (C:\Users\TGNE\Desktop\dasboard\server\node_modules\express\lib\router\layer.js:95:5)
    at trim_prefix (C:\Users\TGNE\Desktop\dasboard\server\node_modules\express\lib\router\index.js:328:13)
    at C:\Users\TGNE\Desktop\dasboard\server\node_modules\express\lib\router\index.js:286:9
    at Function.process_params (C:\Users\TGNE\Desktop\dasboard\server\node_modules\express\lib\router\index.js:346:12)
    at next (C:\Users\TGNE\Desktop\dasboard\server\node_modules\express\lib\router\index.js:280:10)
    at Function.handle (C:\Users\TGNE\Desktop\dasboard\server\node_modules\express\lib\router\index.js:175:3) {
  expiredAt: 2026-06-12T03:58:07.000Z
}
Request error: {
  method: 'GET',
  url: '/?isRead=false&limit=1',
  statusCode: 401,
  duration: 7,
  ip: '::1',
  userAgent: 'Mozilla/5.0 (Windows NT 10.0; Win64; x64) AppleWebKit/537.36 (KHTML, like Gecko) Chrome/149.0.0.0 Safari/537.36',
  contentLength: '82'
}
Auth middleware error: TokenExpiredError: jwt expired
    at C:\Users\TGNE\Desktop\dasboard\server\node_modules\jsonwebtoken\verify.js:190:21
    at getSecret (C:\Users\TGNE\Desktop\dasboard\server\node_modules\jsonwebtoken\verify.js:97:14)
    at module.exports [as verify] (C:\Users\TGNE\Desktop\dasboard\server\node_modules\jsonwebtoken\verify.js:101:10)
    at authenticateToken (C:\Users\TGNE\Desktop\dasboard\server\dist\middlewares\auth.middleware.js:22:48)
    at Layer.handle [as handle_request] (C:\Users\TGNE\Desktop\dasboard\server\node_modules\express\lib\router\layer.js:95:5)
    at trim_prefix (C:\Users\TGNE\Desktop\dasboard\server\node_modules\express\lib\router\index.js:328:13)
    at C:\Users\TGNE\Desktop\dasboard\server\node_modules\express\lib\router\index.js:286:9
    at Function.process_params (C:\Users\TGNE\Desktop\dasboard\server\node_modules\express\lib\router\index.js:346:12)
    at next (C:\Users\TGNE\Desktop\dasboard\server\node_modules\express\lib\router\index.js:280:10)
    at Function.handle (C:\Users\TGNE\Desktop\dasboard\server\node_modules\express\lib\router\index.js:175:3) {
  expiredAt: 2026-06-12T03:58:07.000Z
}
Request error: {
  method: 'GET',
  url: '/?isRead=false&limit=1',
  statusCode: 401,
  duration: 13,
  ip: '::1',
  userAgent: 'Mozilla/5.0 (Windows NT 10.0; Win64; x64) AppleWebKit/537.36 (KHTML, like Gecko) Chrome/149.0.0.0 Safari/537.36',
  contentLength: '82'
}
Auth middleware error: TokenExpiredError: jwt expired
    at C:\Users\TGNE\Desktop\dasboard\server\node_modules\jsonwebtoken\verify.js:190:21
    at getSecret (C:\Users\TGNE\Desktop\dasboard\server\node_modules\jsonwebtoken\verify.js:97:14)
    at module.exports [as verify] (C:\Users\TGNE\Desktop\dasboard\server\node_modules\jsonwebtoken\verify.js:101:10)
    at authenticateToken (C:\Users\TGNE\Desktop\dasboard\server\dist\middlewares\auth.middleware.js:22:48)
    at Layer.handle [as handle_request] (C:\Users\TGNE\Desktop\dasboard\server\node_modules\express\lib\router\layer.js:95:5)
    at trim_prefix (C:\Users\TGNE\Desktop\dasboard\server\node_modules\express\lib\router\index.js:328:13)
    at C:\Users\TGNE\Desktop\dasboard\server\node_modules\express\lib\router\index.js:286:9
    at Function.process_params (C:\Users\TGNE\Desktop\dasboard\server\node_modules\express\lib\router\index.js:346:12)
    at next (C:\Users\TGNE\Desktop\dasboard\server\node_modules\express\lib\router\index.js:280:10)
    at Function.handle (C:\Users\TGNE\Desktop\dasboard\server\node_modules\express\lib\router\index.js:175:3) {
  expiredAt: 2026-06-12T03:58:07.000Z
}
Request error: {
  method: 'GET',
  url: '/?isRead=false&limit=1',
  statusCode: 401,
  duration: 2362,
  ip: '::1',
  userAgent: 'Mozilla/5.0 (Windows NT 10.0; Win64; x64) AppleWebKit/537.36 (KHTML, like Gecko) Chrome/149.0.0.0 Safari/537.36',
  contentLength: '82'
}
Auth middleware error: TokenExpiredError: jwt expired
    at C:\Users\TGNE\Desktop\dasboard\server\node_modules\jsonwebtoken\verify.js:190:21
    at getSecret (C:\Users\TGNE\Desktop\dasboard\server\node_modules\jsonwebtoken\verify.js:97:14)
    at module.exports [as verify] (C:\Users\TGNE\Desktop\dasboard\server\node_modules\jsonwebtoken\verify.js:101:10)
    at authenticateToken (C:\Users\TGNE\Desktop\dasboard\server\dist\middlewares\auth.middleware.js:22:48)
    at Layer.handle [as handle_request] (C:\Users\TGNE\Desktop\dasboard\server\node_modules\express\lib\router\layer.js:95:5)
    at trim_prefix (C:\Users\TGNE\Desktop\dasboard\server\node_modules\express\lib\router\index.js:328:13)
    at C:\Users\TGNE\Desktop\dasboard\server\node_modules\express\lib\router\index.js:286:9
    at Function.process_params (C:\Users\TGNE\Desktop\dasboard\server\node_modules\express\lib\router\index.js:346:12)
    at next (C:\Users\TGNE\Desktop\dasboard\server\node_modules\express\lib\router\index.js:280:10)
    at Function.handle (C:\Users\TGNE\Desktop\dasboard\server\node_modules\express\lib\router\index.js:175:3) {
  expiredAt: 2026-06-12T03:58:07.000Z
}
Request error: {
  method: 'GET',
  url: '/?isRead=false&limit=1',
  statusCode: 401,
  duration: 67,
  ip: '::1',
  userAgent: 'Mozilla/5.0 (Windows NT 10.0; Win64; x64) AppleWebKit/537.36 (KHTML, like Gecko) Chrome/149.0.0.0 Safari/537.36',
  contentLength: '82'
}
Auth middleware error: TokenExpiredError: jwt expired
    at C:\Users\TGNE\Desktop\dasboard\server\node_modules\jsonwebtoken\verify.js:190:21
    at getSecret (C:\Users\TGNE\Desktop\dasboard\server\node_modules\jsonwebtoken\verify.js:97:14)
    at module.exports [as verify] (C:\Users\TGNE\Desktop\dasboard\server\node_modules\jsonwebtoken\verify.js:101:10)
    at authenticateToken (C:\Users\TGNE\Desktop\dasboard\server\dist\middlewares\auth.middleware.js:22:48)
    at Layer.handle [as handle_request] (C:\Users\TGNE\Desktop\dasboard\server\node_modules\express\lib\router\layer.js:95:5)
    at trim_prefix (C:\Users\TGNE\Desktop\dasboard\server\node_modules\express\lib\router\index.js:328:13)
    at C:\Users\TGNE\Desktop\dasboard\server\node_modules\express\lib\router\index.js:286:9
    at Function.process_params (C:\Users\TGNE\Desktop\dasboard\server\node_modules\express\lib\router\index.js:346:12)
    at next (C:\Users\TGNE\Desktop\dasboard\server\node_modules\express\lib\router\index.js:280:10)
    at Function.handle (C:\Users\TGNE\Desktop\dasboard\server\node_modules\express\lib\router\index.js:175:3) {
  expiredAt: 2026-06-12T03:58:07.000Z
}
Request error: {
  method: 'GET',
  url: '/?isRead=false&limit=1',
  statusCode: 401,
  duration: 5,
  ip: '::1',
  userAgent: 'Mozilla/5.0 (Windows NT 10.0; Win64; x64) AppleWebKit/537.36 (KHTML, like Gecko) Chrome/149.0.0.0 Safari/537.36',
  contentLength: '82'
}
Auth middleware error: TokenExpiredError: jwt expired
    at C:\Users\TGNE\Desktop\dasboard\server\node_modules\jsonwebtoken\verify.js:190:21
    at getSecret (C:\Users\TGNE\Desktop\dasboard\server\node_modules\jsonwebtoken\verify.js:97:14)
    at module.exports [as verify] (C:\Users\TGNE\Desktop\dasboard\server\node_modules\jsonwebtoken\verify.js:101:10)
    at authenticateToken (C:\Users\TGNE\Desktop\dasboard\server\dist\middlewares\auth.middleware.js:22:48)
    at Layer.handle [as handle_request] (C:\Users\TGNE\Desktop\dasboard\server\node_modules\express\lib\router\layer.js:95:5)
    at trim_prefix (C:\Users\TGNE\Desktop\dasboard\server\node_modules\express\lib\router\index.js:328:13)
    at C:\Users\TGNE\Desktop\dasboard\server\node_modules\express\lib\router\index.js:286:9
    at Function.process_params (C:\Users\TGNE\Desktop\dasboard\server\node_modules\express\lib\router\index.js:346:12)
    at next (C:\Users\TGNE\Desktop\dasboard\server\node_modules\express\lib\router\index.js:280:10)
    at Function.handle (C:\Users\TGNE\Desktop\dasboard\server\node_modules\express\lib\router\index.js:175:3) {
  expiredAt: 2026-06-12T03:58:07.000Z
}
Request error: {
  method: 'GET',
  url: '/?isRead=false&limit=1',
  statusCode: 401,
  duration: 8,
  ip: '::1',
  userAgent: 'Mozilla/5.0 (Windows NT 10.0; Win64; x64) AppleWebKit/537.36 (KHTML, like Gecko) Chrome/149.0.0.0 Safari/537.36',
  contentLength: '82'
}
Auth middleware error: TokenExpiredError: jwt expired
    at C:\Users\TGNE\Desktop\dasboard\server\node_modules\jsonwebtoken\verify.js:190:21
    at getSecret (C:\Users\TGNE\Desktop\dasboard\server\node_modules\jsonwebtoken\verify.js:97:14)
    at module.exports [as verify] (C:\Users\TGNE\Desktop\dasboard\server\node_modules\jsonwebtoken\verify.js:101:10)
    at authenticateToken (C:\Users\TGNE\Desktop\dasboard\server\dist\middlewares\auth.middleware.js:22:48)
    at Layer.handle [as handle_request] (C:\Users\TGNE\Desktop\dasboard\server\node_modules\express\lib\router\layer.js:95:5)
    at trim_prefix (C:\Users\TGNE\Desktop\dasboard\server\node_modules\express\lib\router\index.js:328:13)
    at C:\Users\TGNE\Desktop\dasboard\server\node_modules\express\lib\router\index.js:286:9
    at Function.process_params (C:\Users\TGNE\Desktop\dasboard\server\node_modules\express\lib\router\index.js:346:12)
    at next (C:\Users\TGNE\Desktop\dasboard\server\node_modules\express\lib\router\index.js:280:10)
    at Function.handle (C:\Users\TGNE\Desktop\dasboard\server\node_modules\express\lib\router\index.js:175:3) {
  expiredAt: 2026-06-12T03:58:07.000Z
}
Request error: {
  method: 'GET',
  url: '/?isRead=false&limit=1',
  statusCode: 401,
  duration: 1067,
  ip: '::1',
  userAgent: 'Mozilla/5.0 (Windows NT 10.0; Win64; x64) AppleWebKit/537.36 (KHTML, like Gecko) Chrome/149.0.0.0 Safari/537.36',
  contentLength: '82'
}
Auth middleware error: TokenExpiredError: jwt expired
    at C:\Users\TGNE\Desktop\dasboard\server\node_modules\jsonwebtoken\verify.js:190:21
    at getSecret (C:\Users\TGNE\Desktop\dasboard\server\node_modules\jsonwebtoken\verify.js:97:14)
    at module.exports [as verify] (C:\Users\TGNE\Desktop\dasboard\server\node_modules\jsonwebtoken\verify.js:101:10)
    at authenticateToken (C:\Users\TGNE\Desktop\dasboard\server\dist\middlewares\auth.middleware.js:22:48)
    at Layer.handle [as handle_request] (C:\Users\TGNE\Desktop\dasboard\server\node_modules\express\lib\router\layer.js:95:5)
    at trim_prefix (C:\Users\TGNE\Desktop\dasboard\server\node_modules\express\lib\router\index.js:328:13)
    at C:\Users\TGNE\Desktop\dasboard\server\node_modules\express\lib\router\index.js:286:9
    at Function.process_params (C:\Users\TGNE\Desktop\dasboard\server\node_modules\express\lib\router\index.js:346:12)
    at next (C:\Users\TGNE\Desktop\dasboard\server\node_modules\express\lib\router\index.js:280:10)
    at Function.handle (C:\Users\TGNE\Desktop\dasboard\server\node_modules\express\lib\router\index.js:175:3) {
  expiredAt: 2026-06-12T03:58:07.000Z
}
Request error: {
  method: 'GET',
  url: '/?isRead=false&limit=1',
  statusCode: 401,
  duration: 208,
  ip: '::1',
  userAgent: 'Mozilla/5.0 (Windows NT 10.0; Win64; x64) AppleWebKit/537.36 (KHTML, like Gecko) Chrome/149.0.0.0 Safari/537.36',
  contentLength: '82'
}
Simulation tick error: ConnectionError [SequelizeConnectionError]: Connection terminated unexpectedly
    at Client._connectionCallback (C:\Users\TGNE\Desktop\dasboard\server\node_modules\sequelize\lib\dialects\postgres\connection-manager.js:149:20)
    at Connection.<anonymous> (C:\Users\TGNE\Desktop\dasboard\server\node_modules\pg\lib\client.js:149:18)
    at Object.onceWrapper (node:events:633:28)
    at Connection.emit (node:events:519:28)
    at Socket.<anonymous> (C:\Users\TGNE\Desktop\dasboard\server\node_modules\pg\lib\connection.js:62:12)
    at Socket.emit (node:events:531:35)
    at TCP.<anonymous> (node:net:346:12) {
  parent: Error: Connection terminated unexpectedly
      at Connection.<anonymous> (C:\Users\TGNE\Desktop\dasboard\server\node_modules\pg\lib\client.js:136:73)
      at Object.onceWrapper (node:events:633:28)
      at Connection.emit (node:events:519:28)
      at Socket.<anonymous> (C:\Users\TGNE\Desktop\dasboard\server\node_modules\pg\lib\connection.js:62:12)
      at Socket.emit (node:events:531:35)
      at TCP.<anonymous> (node:net:346:12),
  original: Error: Connection terminated unexpectedly
      at Connection.<anonymous> (C:\Users\TGNE\Desktop\dasboard\server\node_modules\pg\lib\client.js:136:73)
      at Object.onceWrapper (node:events:633:28)
      at Connection.emit (node:events:519:28)
      at Socket.<anonymous> (C:\Users\TGNE\Desktop\dasboard\server\node_modules\pg\lib\connection.js:62:12)
      at Socket.emit (node:events:531:35)
      at TCP.<anonymous> (node:net:346:12)
}
